2026-01-27T18:51:19.553-05:00  INFO 14532 --- [MongodbSpringBoot-1] [main] c.product.MongodbSpringBoot1Application  : Starting MongodbSpringBoot1Application using Java 21.0.8 with PID 14532 (D:\STSworkspace\AOP\target\classes started by princy in D:\STSworkspace\AOP)
2026-01-27T18:51:19.556-05:00  INFO 14532 --- [MongodbSpringBoot-1] [main] c.product.MongodbSpringBoot1Application  : No active profile set, falling back to 1 default profile: "default"
2026-01-27T18:51:20.354-05:00  INFO 14532 --- [MongodbSpringBoot-1] [main] .s.d.r.c.RepositoryConfigurationDelegate : Bootstrapping Spring Data JPA repositories in DEFAULT mode.
2026-01-27T18:51:20.413-05:00  INFO 14532 --- [MongodbSpringBoot-1] [main] .s.d.r.c.RepositoryConfigurationDelegate : Finished Spring Data repository scanning in 45 ms. Found 1 JPA repository interface.
2026-01-27T18:51:21.049-05:00  INFO 14532 --- [MongodbSpringBoot-1] [main] o.s.boot.tomcat.TomcatWebServer          : Tomcat initialized with port 8080 (http)
2026-01-27T18:51:21.069-05:00  INFO 14532 --- [MongodbSpringBoot-1] [main] o.apache.catalina.core.StandardService   : Starting service [Tomcat]
2026-01-27T18:51:21.070-05:00  INFO 14532 --- [MongodbSpringBoot-1] [main] o.apache.catalina.core.StandardEngine    : Starting Servlet engine: [Apache Tomcat/11.0.15]
2026-01-27T18:51:21.145-05:00  INFO 14532 --- [MongodbSpringBoot-1] [main] b.w.c.s.WebApplicationContextInitializer : Root WebApplicationContext: initialization completed in 1510 ms
2026-01-27T18:51:21.318-05:00  INFO 14532 --- [MongodbSpringBoot-1] [main] com.zaxxer.hikari.HikariDataSource       : HikariPool-1 - Starting...
2026-01-27T18:51:21.803-05:00  INFO 14532 --- [MongodbSpringBoot-1] [main] com.zaxxer.hikari.pool.HikariPool        : HikariPool-1 - Added connection com.mysql.cj.jdbc.ConnectionImpl@2f4d32bf
2026-01-27T18:51:21.806-05:00  INFO 14532 --- [MongodbSpringBoot-1] [main] com.zaxxer.hikari.HikariDataSource       : HikariPool-1 - Start completed.
2026-01-27T18:51:21.857-05:00  INFO 14532 --- [MongodbSpringBoot-1] [main] org.hibernate.orm.jpa                    : HHH008540: Processing PersistenceUnitInfo [name: default]
2026-01-27T18:51:21.917-05:00  INFO 14532 --- [MongodbSpringBoot-1] [main] org.hibernate.orm.core                   : HHH000001: Hibernate ORM core version 7.2.1.Final
2026-01-27T18:51:22.508-05:00  INFO 14532 --- [MongodbSpringBoot-1] [main] o.s.o.j.p.SpringPersistenceUnitInfo      : No LoadTimeWeaver setup: ignoring JPA class transformer
2026-01-27T18:51:22.635-05:00  INFO 14532 --- [MongodbSpringBoot-1] [main] org.hibernate.orm.connections.pooling    : HHH10001005: Database info:
	Database JDBC URL [jdbc:mysql://localhost:3306/springbootrest]
	Database driver: MySQL Connector/J
	Database dialect: MySQLDialect
	Database version: 8.0.41
	Default catalog/schema: springbootrest/undefined
	Autocommit mode: undefined/unknown
	Isolation level: REPEATABLE_READ [default REPEATABLE_READ]
	JDBC fetch size: none
	Pool: DataSourceConnectionProvider
	Minimum pool size: undefined/unknown
	Maximum pool size: undefined/unknown
2026-01-27T18:51:23.490-05:00  INFO 14532 --- [MongodbSpringBoot-1] [main] org.hibernate.orm.core                   : HHH000489: No JTA platform available (set 'hibernate.transaction.jta.platform' to enable JTA platform integration)
2026-01-27T18:51:23.505-05:00  INFO 14532 --- [MongodbSpringBoot-1] [main] j.LocalContainerEntityManagerFactoryBean : Initialized JPA EntityManagerFactory for persistence unit 'default'
2026-01-27T18:51:23.629-05:00  INFO 14532 --- [MongodbSpringBoot-1] [main] o.s.d.j.r.query.QueryEnhancerFactories   : Hibernate is in classpath; If applicable, HQL parser will be used.
2026-01-27T18:51:23.946-05:00  WARN 14532 --- [MongodbSpringBoot-1] [main] JpaBaseConfiguration$JpaWebConfiguration : spring.jpa.open-in-view is enabled by default. Therefore, database queries may be performed during view rendering. Explicitly configure spring.jpa.open-in-view to disable this warning
2026-01-27T18:51:24.383-05:00  INFO 14532 --- [MongodbSpringBoot-1] [main] o.s.boot.tomcat.TomcatWebServer          : Tomcat started on port 8080 (http) with context path '/'
2026-01-27T18:51:24.389-05:00  INFO 14532 --- [MongodbSpringBoot-1] [main] c.product.MongodbSpringBoot1Application  : Started MongodbSpringBoot1Application in 5.47 seconds (process running for 6.419)
2026-01-27T18:51:34.975-05:00  INFO 14532 --- [MongodbSpringBoot-1] [http-nio-8080-exec-2] o.a.c.c.C.[Tomcat].[localhost].[/]       : Initializing Spring DispatcherServlet 'dispatcherServlet'
2026-01-27T18:51:34.976-05:00  INFO 14532 --- [MongodbSpringBoot-1] [http-nio-8080-exec-2] o.s.web.servlet.DispatcherServlet        : Initializing Servlet 'dispatcherServlet'
2026-01-27T18:51:34.979-05:00  INFO 14532 --- [MongodbSpringBoot-1] [http-nio-8080-exec-2] o.s.web.servlet.DispatcherServlet        : Completed initialization in 3 ms
2026-01-27T18:51:35.113-05:00  INFO 14532 --- [MongodbSpringBoot-1] [http-nio-8080-exec-2] com.product.LogginAspect                 : AOP getAlien with name method called
2026-01-27T19:03:25.236-05:00  INFO 14532 --- [MongodbSpringBoot-1] [RMI TCP Connection(14)-127.0.0.1] inMXBeanRegistrar$SpringApplicationAdmin : Application shutdown requested.
2026-01-27T19:03:25.242-05:00  INFO 14532 --- [MongodbSpringBoot-1] [RMI TCP Connection(14)-127.0.0.1] o.s.boot.tomcat.GracefulShutdown         : Commencing graceful shutdown. Waiting for active requests to complete
2026-01-27T19:03:25.249-05:00  INFO 14532 --- [MongodbSpringBoot-1] [tomcat-shutdown] o.s.boot.tomcat.GracefulShutdown         : Graceful shutdown complete
2026-01-27T19:03:25.257-05:00  INFO 14532 --- [MongodbSpringBoot-1] [RMI TCP Connection(14)-127.0.0.1] j.LocalContainerEntityManagerFactoryBean : Closing JPA EntityManagerFactory for persistence unit 'default'
2026-01-27T19:03:25.260-05:00  INFO 14532 --- [MongodbSpringBoot-1] [RMI TCP Connection(14)-127.0.0.1] com.zaxxer.hikari.HikariDataSource       : HikariPool-1 - Shutdown initiated...
2026-01-27T19:03:25.271-05:00  INFO 14532 --- [MongodbSpringBoot-1] [RMI TCP Connection(14)-127.0.0.1] com.zaxxer.hikari.HikariDataSource       : HikariPool-1 - Shutdown completed.
2026-01-27T19:03:28.014-05:00  INFO 16620 --- [MongodbSpringBoot-1] [main] c.product.MongodbSpringBoot1Application  : Starting MongodbSpringBoot1Application using Java 21.0.8 with PID 16620 (D:\STSworkspace\AOP\target\classes started by princy in D:\STSworkspace\AOP)
2026-01-27T19:03:28.017-05:00  INFO 16620 --- [MongodbSpringBoot-1] [main] c.product.MongodbSpringBoot1Application  : No active profile set, falling back to 1 default profile: "default"
2026-01-27T19:03:28.807-05:00  INFO 16620 --- [MongodbSpringBoot-1] [main] .s.d.r.c.RepositoryConfigurationDelegate : Bootstrapping Spring Data JPA repositories in DEFAULT mode.
2026-01-27T19:03:28.878-05:00  INFO 16620 --- [MongodbSpringBoot-1] [main] .s.d.r.c.RepositoryConfigurationDelegate : Finished Spring Data repository scanning in 58 ms. Found 1 JPA repository interface.
2026-01-27T19:03:29.478-05:00  INFO 16620 --- [MongodbSpringBoot-1] [main] o.s.boot.tomcat.TomcatWebServer          : Tomcat initialized with port 8080 (http)
2026-01-27T19:03:29.502-05:00  INFO 16620 --- [MongodbSpringBoot-1] [main] o.apache.catalina.core.StandardService   : Starting service [Tomcat]
2026-01-27T19:03:29.502-05:00  INFO 16620 --- [MongodbSpringBoot-1] [main] o.apache.catalina.core.StandardEngine    : Starting Servlet engine: [Apache Tomcat/11.0.15]
2026-01-27T19:03:29.597-05:00  INFO 16620 --- [MongodbSpringBoot-1] [main] b.w.c.s.WebApplicationContextInitializer : Root WebApplicationContext: initialization completed in 1515 ms
2026-01-27T19:03:29.783-05:00  INFO 16620 --- [MongodbSpringBoot-1] [main] com.zaxxer.hikari.HikariDataSource       : HikariPool-1 - Starting...
2026-01-27T19:03:30.244-05:00  INFO 16620 --- [MongodbSpringBoot-1] [main] com.zaxxer.hikari.pool.HikariPool        : HikariPool-1 - Added connection com.mysql.cj.jdbc.ConnectionImpl@73e1ecd0
2026-01-27T19:03:30.246-05:00  INFO 16620 --- [MongodbSpringBoot-1] [main] com.zaxxer.hikari.HikariDataSource       : HikariPool-1 - Start completed.
2026-01-27T19:03:30.289-05:00  INFO 16620 --- [MongodbSpringBoot-1] [main] org.hibernate.orm.jpa                    : HHH008540: Processing PersistenceUnitInfo [name: default]
2026-01-27T19:03:30.362-05:00  INFO 16620 --- [MongodbSpringBoot-1] [main] org.hibernate.orm.core                   : HHH000001: Hibernate ORM core version 7.2.1.Final
2026-01-27T19:03:30.985-05:00  INFO 16620 --- [MongodbSpringBoot-1] [main] o.s.o.j.p.SpringPersistenceUnitInfo      : No LoadTimeWeaver setup: ignoring JPA class transformer
2026-01-27T19:03:31.111-05:00  INFO 16620 --- [MongodbSpringBoot-1] [main] org.hibernate.orm.connections.pooling    : HHH10001005: Database info:
	Database JDBC URL [jdbc:mysql://localhost:3306/springbootrest]
	Database driver: MySQL Connector/J
	Database dialect: MySQLDialect
	Database version: 8.0.41
	Default catalog/schema: springbootrest/undefined
	Autocommit mode: undefined/unknown
	Isolation level: REPEATABLE_READ [default REPEATABLE_READ]
	JDBC fetch size: none
	Pool: DataSourceConnectionProvider
	Minimum pool size: undefined/unknown
	Maximum pool size: undefined/unknown
2026-01-27T19:03:31.999-05:00  INFO 16620 --- [MongodbSpringBoot-1] [main] org.hibernate.orm.core                   : HHH000489: No JTA platform available (set 'hibernate.transaction.jta.platform' to enable JTA platform integration)
2026-01-27T19:03:32.009-05:00  INFO 16620 --- [MongodbSpringBoot-1] [main] j.LocalContainerEntityManagerFactoryBean : Initialized JPA EntityManagerFactory for persistence unit 'default'
2026-01-27T19:03:32.138-05:00  INFO 16620 --- [MongodbSpringBoot-1] [main] o.s.d.j.r.query.QueryEnhancerFactories   : Hibernate is in classpath; If applicable, HQL parser will be used.
2026-01-27T19:03:32.424-05:00  WARN 16620 --- [MongodbSpringBoot-1] [main] JpaBaseConfiguration$JpaWebConfiguration : spring.jpa.open-in-view is enabled by default. Therefore, database queries may be performed during view rendering. Explicitly configure spring.jpa.open-in-view to disable this warning
2026-01-27T19:03:32.875-05:00  INFO 16620 --- [MongodbSpringBoot-1] [main] o.s.boot.tomcat.TomcatWebServer          : Tomcat started on port 8080 (http) with context path '/'
2026-01-27T19:03:32.884-05:00  INFO 16620 --- [MongodbSpringBoot-1] [main] c.product.MongodbSpringBoot1Application  : Started MongodbSpringBoot1Application in 5.429 seconds (process running for 6.389)
2026-01-27T19:03:39.010-05:00  INFO 16620 --- [MongodbSpringBoot-1] [http-nio-8080-exec-1] o.a.c.c.C.[Tomcat].[localhost].[/]       : Initializing Spring DispatcherServlet 'dispatcherServlet'
2026-01-27T19:03:39.011-05:00  INFO 16620 --- [MongodbSpringBoot-1] [http-nio-8080-exec-1] o.s.web.servlet.DispatcherServlet        : Initializing Servlet 'dispatcherServlet'
2026-01-27T19:03:39.012-05:00  INFO 16620 --- [MongodbSpringBoot-1] [http-nio-8080-exec-1] o.s.web.servlet.DispatcherServlet        : Completed initialization in 1 ms
2026-01-27T19:03:39.072-05:00  INFO 16620 --- [MongodbSpringBoot-1] [http-nio-8080-exec-1] com.product.LogginAspect                 : BEFORE: AOP getAlien with name method called
2026-01-27T19:03:39.748-05:00  INFO 16620 --- [MongodbSpringBoot-1] [http-nio-8080-exec-1] com.product.LogginAspect                 : AFTER: AOP getAlien with name method called
